i  emulators: Starting emulators: firestore
i  firestore: Firestore Emulator logging to firestore-debug.log
✔  firestore: Firestore Emulator was started in standard edition.
✔  firestore: Firestore Emulator UI websocket is running on 9150.
⚠  emulators: The Emulator UI is not starting because none of the running emulators have a UI component.

┌─────────────────────────────────────────────────────────────┐
│ ✔  All emulators ready! It is now safe to connect your app. │
└─────────────────────────────────────────────────────────────┘

┌───────────┬────────────────┐
│ Emulator  │ Host:Port      │
├───────────┼────────────────┤
│ Firestore │ 127.0.0.1:8080 │
└───────────┴────────────────┘
  Emulator Hub host: 127.0.0.1 port: 4400
  Other reserved ports: 4500, 9150

Issues? Report them at https://github.com/firebase/firebase-tools/issues and attach the *-debug.log files.
 
 
i  emulators: Received SIGTERM for the first time. Starting a clean shutdown.
i  emulators: Please wait for a clean shutdown or send the SIGTERM signal again to stop right now.
i  emulators: Shutting down emulators.
i  firestore: Stopping Firestore Emulator
⚠  firestore: Fatal error occurred: 
   Firestore Emulator has exited with code: 143, 
   stopping all running emulators
i  firestore: Stopping Firestore Emulator
i  hub: Stopping emulator hub
i  hub: Stopping emulator hub
i  logging: Stopping Logging Emulator
i  logging: Stopping Logging Emulator
